Archive member included to satisfy reference by file (symbol)

/usr/lib/gcc/arm-none-eabi/12.2.1/thumb/v6-m/nofp/libgcc.a(_thumb1_case_sqi.o)
                              objdir-CWNANO/stm32f0_hal_lowlevel.o (__gnu_thumb1_case_sqi)
/usr/lib/gcc/arm-none-eabi/12.2.1/thumb/v6-m/nofp/libgcc.a(_thumb1_case_uqi.o)
                              objdir-CWNANO/stm32f0_hal_lowlevel.o (__gnu_thumb1_case_uqi)
/usr/lib/gcc/arm-none-eabi/12.2.1/thumb/v6-m/nofp/libgcc.a(_udivsi3.o)
                              objdir-CWNANO/stm32f0_hal_lowlevel.o (__aeabi_uidiv)
/usr/lib/gcc/arm-none-eabi/12.2.1/thumb/v6-m/nofp/libgcc.a(_dvmd_tls.o)
                              /usr/lib/gcc/arm-none-eabi/12.2.1/thumb/v6-m/nofp/libgcc.a(_udivsi3.o) (__aeabi_idiv0)
/usr/lib/gcc/arm-none-eabi/12.2.1/../../../arm-none-eabi/lib/thumb/v6-m/nofp/libg_nano.a(lib_a-atexit.o)
                              /usr/lib/gcc/arm-none-eabi/12.2.1/../../../arm-none-eabi/lib/thumb/v6-m/nofp/crt0.o (atexit)
/usr/lib/gcc/arm-none-eabi/12.2.1/../../../arm-none-eabi/lib/thumb/v6-m/nofp/libg_nano.a(lib_a-exit.o)
                              /usr/lib/gcc/arm-none-eabi/12.2.1/../../../arm-none-eabi/lib/thumb/v6-m/nofp/crt0.o (exit)
/usr/lib/gcc/arm-none-eabi/12.2.1/../../../arm-none-eabi/lib/thumb/v6-m/nofp/libg_nano.a(lib_a-fini.o)
                              /usr/lib/gcc/arm-none-eabi/12.2.1/../../../arm-none-eabi/lib/thumb/v6-m/nofp/crt0.o (__libc_fini_array)
/usr/lib/gcc/arm-none-eabi/12.2.1/../../../arm-none-eabi/lib/thumb/v6-m/nofp/libg_nano.a(lib_a-impure.o)
                              /usr/lib/gcc/arm-none-eabi/12.2.1/../../../arm-none-eabi/lib/thumb/v6-m/nofp/libg_nano.a(lib_a-exit.o) (_global_impure_ptr)
/usr/lib/gcc/arm-none-eabi/12.2.1/../../../arm-none-eabi/lib/thumb/v6-m/nofp/libg_nano.a(lib_a-init.o)
                              /usr/lib/gcc/arm-none-eabi/12.2.1/../../../arm-none-eabi/lib/thumb/v6-m/nofp/crt0.o (__libc_init_array)
/usr/lib/gcc/arm-none-eabi/12.2.1/../../../arm-none-eabi/lib/thumb/v6-m/nofp/libg_nano.a(lib_a-memcpy-stub.o)
                              objdir-CWNANO/chacha20.o (memcpy)
/usr/lib/gcc/arm-none-eabi/12.2.1/../../../arm-none-eabi/lib/thumb/v6-m/nofp/libg_nano.a(lib_a-memset.o)
                              /usr/lib/gcc/arm-none-eabi/12.2.1/../../../arm-none-eabi/lib/thumb/v6-m/nofp/crt0.o (memset)
/usr/lib/gcc/arm-none-eabi/12.2.1/../../../arm-none-eabi/lib/thumb/v6-m/nofp/libg_nano.a(lib_a-__atexit.o)
                              /usr/lib/gcc/arm-none-eabi/12.2.1/../../../arm-none-eabi/lib/thumb/v6-m/nofp/libg_nano.a(lib_a-atexit.o) (__register_exitproc)
/usr/lib/gcc/arm-none-eabi/12.2.1/../../../arm-none-eabi/lib/thumb/v6-m/nofp/libg_nano.a(lib_a-__call_atexit.o)
                              /usr/lib/gcc/arm-none-eabi/12.2.1/../../../arm-none-eabi/lib/thumb/v6-m/nofp/libg_nano.a(lib_a-__atexit.o) (__call_exitprocs)
/usr/lib/gcc/arm-none-eabi/12.2.1/../../../arm-none-eabi/lib/thumb/v6-m/nofp/libnosys.a(_exit.o)
                              /usr/lib/gcc/arm-none-eabi/12.2.1/../../../arm-none-eabi/lib/thumb/v6-m/nofp/libg_nano.a(lib_a-exit.o) (_exit)

Discarded input sections

 .text          0x0000000000000000        0x0 /usr/lib/gcc/arm-none-eabi/12.2.1/thumb/v6-m/nofp/crti.o
 .data          0x0000000000000000        0x0 /usr/lib/gcc/arm-none-eabi/12.2.1/thumb/v6-m/nofp/crti.o
 .bss           0x0000000000000000        0x0 /usr/lib/gcc/arm-none-eabi/12.2.1/thumb/v6-m/nofp/crti.o
 .data          0x0000000000000000        0x4 /usr/lib/gcc/arm-none-eabi/12.2.1/thumb/v6-m/nofp/crtbegin.o
 .rodata        0x0000000000000000       0x24 /usr/lib/gcc/arm-none-eabi/12.2.1/thumb/v6-m/nofp/crtbegin.o
 .text          0x0000000000000000       0x74 /usr/lib/gcc/arm-none-eabi/12.2.1/../../../arm-none-eabi/lib/thumb/v6-m/nofp/crt0.o
 .data          0x0000000000000000        0x0 /usr/lib/gcc/arm-none-eabi/12.2.1/../../../arm-none-eabi/lib/thumb/v6-m/nofp/crt0.o
 .bss           0x0000000000000000        0x0 /usr/lib/gcc/arm-none-eabi/12.2.1/../../../arm-none-eabi/lib/thumb/v6-m/nofp/crt0.o
 .ARM.extab     0x0000000000000000        0x0 /usr/lib/gcc/arm-none-eabi/12.2.1/../../../arm-none-eabi/lib/thumb/v6-m/nofp/crt0.o
 .ARM.exidx     0x0000000000000000       0x10 /usr/lib/gcc/arm-none-eabi/12.2.1/../../../arm-none-eabi/lib/thumb/v6-m/nofp/crt0.o
 .debug_line    0x0000000000000000       0x8c /usr/lib/gcc/arm-none-eabi/12.2.1/../../../arm-none-eabi/lib/thumb/v6-m/nofp/crt0.o
 .debug_info    0x0000000000000000       0x26 /usr/lib/gcc/arm-none-eabi/12.2.1/../../../arm-none-eabi/lib/thumb/v6-m/nofp/crt0.o
 .debug_abbrev  0x0000000000000000       0x14 /usr/lib/gcc/arm-none-eabi/12.2.1/../../../arm-none-eabi/lib/thumb/v6-m/nofp/crt0.o
 .debug_aranges
                0x0000000000000000       0x20 /usr/lib/gcc/arm-none-eabi/12.2.1/../../../arm-none-eabi/lib/thumb/v6-m/nofp/crt0.o
 .debug_str     0x0000000000000000       0x94 /usr/lib/gcc/arm-none-eabi/12.2.1/../../../arm-none-eabi/lib/thumb/v6-m/nofp/crt0.o
 .ARM.attributes
                0x0000000000000000       0x1b /usr/lib/gcc/arm-none-eabi/12.2.1/../../../arm-none-eabi/lib/thumb/v6-m/nofp/crt0.o
 .text          0x0000000000000000        0x0 objdir-CWNANO/chacha20.o
 .data          0x0000000000000000        0x0 objdir-CWNANO/chacha20.o
 .bss           0x0000000000000000        0x0 objdir-CWNANO/chacha20.o
 .text          0x0000000000000000        0x0 objdir-CWNANO/shiffthq.o
 .data          0x0000000000000000        0x0 objdir-CWNANO/shiffthq.o
 .bss           0x0000000000000000        0x0 objdir-CWNANO/shiffthq.o
 .text          0x0000000000000000        0x0 objdir-CWNANO/simpleserial.o
 .data          0x0000000000000000        0x0 objdir-CWNANO/simpleserial.o
 .text.led_ok   0x0000000000000000        0x2 objdir-CWNANO/simpleserial.o
 .text.led_error
                0x0000000000000000        0x2 objdir-CWNANO/simpleserial.o
 .text.ss_crc   0x0000000000000000       0x2e objdir-CWNANO/simpleserial.o
 .text          0x0000000000000000        0x0 objdir-CWNANO/stm32f0_hal_nano.o
 .data          0x0000000000000000        0x0 objdir-CWNANO/stm32f0_hal_nano.o
 .text.trigger_high
                0x0000000000000000       0x10 objdir-CWNANO/stm32f0_hal_nano.o
 .text.trigger_low
                0x0000000000000000       0x10 objdir-CWNANO/stm32f0_hal_nano.o
 .text.led_error
                0x0000000000000000       0x10 objdir-CWNANO/stm32f0_hal_nano.o
 .text.led_ok   0x0000000000000000       0x10 objdir-CWNANO/stm32f0_hal_nano.o
 .text          0x0000000000000000        0x0 objdir-CWNANO/stm32f0_hal_lowlevel.o
 .text.HAL_RCC_GetSysClockFreq
                0x0000000000000000        0x6 objdir-CWNANO/stm32f0_hal_lowlevel.o
 .text.HAL_RCC_GetPCLK1Freq
                0x0000000000000000        0x6 objdir-CWNANO/stm32f0_hal_lowlevel.o
 .text.HAL_RCC_GetPCLK2Freq
                0x0000000000000000        0x6 objdir-CWNANO/stm32f0_hal_lowlevel.o
 .text.HAL_RCCEx_PeriphCLKConfig
                0x0000000000000000      0x10c objdir-CWNANO/stm32f0_hal_lowlevel.o
 .text.UART_CheckIdleState
                0x0000000000000000       0x16 objdir-CWNANO/stm32f0_hal_lowlevel.o
 .text          0x0000000000000000       0x14 objdir-CWNANO/stm32f0_startup.o
 .data          0x0000000000000000        0x0 objdir-CWNANO/stm32f0_startup.o
 .bss           0x0000000000000000        0x0 objdir-CWNANO/stm32f0_startup.o
 .data          0x0000000000000000        0x0 /usr/lib/gcc/arm-none-eabi/12.2.1/thumb/v6-m/nofp/libgcc.a(_thumb1_case_sqi.o)
 .bss           0x0000000000000000        0x0 /usr/lib/gcc/arm-none-eabi/12.2.1/thumb/v6-m/nofp/libgcc.a(_thumb1_case_sqi.o)
 .data          0x0000000000000000        0x0 /usr/lib/gcc/arm-none-eabi/12.2.1/thumb/v6-m/nofp/libgcc.a(_thumb1_case_uqi.o)
 .bss           0x0000000000000000        0x0 /usr/lib/gcc/arm-none-eabi/12.2.1/thumb/v6-m/nofp/libgcc.a(_thumb1_case_uqi.o)
 .data          0x0000000000000000        0x0 /usr/lib/gcc/arm-none-eabi/12.2.1/thumb/v6-m/nofp/libgcc.a(_udivsi3.o)
 .bss           0x0000000000000000        0x0 /usr/lib/gcc/arm-none-eabi/12.2.1/thumb/v6-m/nofp/libgcc.a(_udivsi3.o)
 .data          0x0000000000000000        0x0 /usr/lib/gcc/arm-none-eabi/12.2.1/thumb/v6-m/nofp/libgcc.a(_dvmd_tls.o)
 .bss           0x0000000000000000        0x0 /usr/lib/gcc/arm-none-eabi/12.2.1/thumb/v6-m/nofp/libgcc.a(_dvmd_tls.o)
 .text          0x0000000000000000       0x10 /usr/lib/gcc/arm-none-eabi/12.2.1/../../../arm-none-eabi/lib/thumb/v6-m/nofp/libg_nano.a(lib_a-atexit.o)
 .data          0x0000000000000000        0x0 /usr/lib/gcc/arm-none-eabi/12.2.1/../../../arm-none-eabi/lib/thumb/v6-m/nofp/libg_nano.a(lib_a-atexit.o)
 .bss           0x0000000000000000        0x0 /usr/lib/gcc/arm-none-eabi/12.2.1/../../../arm-none-eabi/lib/thumb/v6-m/nofp/libg_nano.a(lib_a-atexit.o)
 .debug_info    0x0000000000000000      0x100 /usr/lib/gcc/arm-none-eabi/12.2.1/../../../arm-none-eabi/lib/thumb/v6-m/nofp/libg_nano.a(lib_a-atexit.o)
 .debug_abbrev  0x0000000000000000       0xb4 /usr/lib/gcc/arm-none-eabi/12.2.1/../../../arm-none-eabi/lib/thumb/v6-m/nofp/libg_nano.a(lib_a-atexit.o)
 .debug_loc     0x0000000000000000       0x32 /usr/lib/gcc/arm-none-eabi/12.2.1/../../../arm-none-eabi/lib/thumb/v6-m/nofp/libg_nano.a(lib_a-atexit.o)
 .debug_aranges
                0x0000000000000000       0x20 /usr/lib/gcc/arm-none-eabi/12.2.1/../../../arm-none-eabi/lib/thumb/v6-m/nofp/libg_nano.a(lib_a-atexit.o)
 .debug_line    0x0000000000000000       0xc3 /usr/lib/gcc/arm-none-eabi/12.2.1/../../../arm-none-eabi/lib/thumb/v6-m/nofp/libg_nano.a(lib_a-atexit.o)
 .debug_str     0x0000000000000000      0x1e2 /usr/lib/gcc/arm-none-eabi/12.2.1/../../../arm-none-eabi/lib/thumb/v6-m/nofp/libg_nano.a(lib_a-atexit.o)
 .comment       0x0000000000000000       0x34 /usr/lib/gcc/arm-none-eabi/12.2.1/../../../arm-none-eabi/lib/thumb/v6-m/nofp/libg_nano.a(lib_a-atexit.o)
 .debug_frame   0x0000000000000000       0x28 /usr/lib/gcc/arm-none-eabi/12.2.1/../../../arm-none-eabi/lib/thumb/v6-m/nofp/libg_nano.a(lib_a-atexit.o)
 .ARM.attributes
                0x0000000000000000       0x2c /usr/lib/gcc/arm-none-eabi/12.2.1/../../../arm-none-eabi/lib/thumb/v6-m/nofp/libg_nano.a(lib_a-atexit.o)
 .text          0x0000000000000000       0x2c /usr/lib/gcc/arm-none-eabi/12.2.1/../../../arm-none-eabi/lib/thumb/v6-m/nofp/libg_nano.a(lib_a-exit.o)
 .data          0x0000000000000000        0x0 /usr/lib/gcc/arm-none-eabi/12.2.1/../../../arm-none-eabi/lib/thumb/v6-m/nofp/libg_nano.a(lib_a-exit.o)
 .bss           0x0000000000000000        0x0 /usr/lib/gcc/arm-none-eabi/12.2.1/../../../arm-none-eabi/lib/thumb/v6-m/nofp/libg_nano.a(lib_a-exit.o)
 .debug_info    0x0000000000000000      0x81a /usr/lib/gcc/arm-none-eabi/12.2.1/../../../arm-none-eabi/lib/thumb/v6-m/nofp/libg_nano.a(lib_a-exit.o)
 .debug_abbrev  0x0000000000000000      0x1ba /usr/lib/gcc/arm-none-eabi/12.2.1/../../../arm-none-eabi/lib/thumb/v6-m/nofp/libg_nano.a(lib_a-exit.o)
 .debug_loc     0x0000000000000000       0x22 /usr/lib/gcc/arm-none-eabi/12.2.1/../../../arm-none-eabi/lib/thumb/v6-m/nofp/libg_nano.a(lib_a-exit.o)
 .debug_aranges
                0x0000000000000000       0x20 /usr/lib/gcc/arm-none-eabi/12.2.1/../../../arm-none-eabi/lib/thumb/v6-m/nofp/libg_nano.a(lib_a-exit.o)
 .debug_line    0x0000000000000000      0x16b /usr/lib/gcc/arm-none-eabi/12.2.1/../../../arm-none-eabi/lib/thumb/v6-m/nofp/libg_nano.a(lib_a-exit.o)
 .debug_str     0x0000000000000000      0x521 /usr/lib/gcc/arm-none-eabi/12.2.1/../../../arm-none-eabi/lib/thumb/v6-m/nofp/libg_nano.a(lib_a-exit.o)
 .comment       0x0000000000000000       0x34 /usr/lib/gcc/arm-none-eabi/12.2.1/../../../arm-none-eabi/lib/thumb/v6-m/nofp/libg_nano.a(lib_a-exit.o)
 .debug_frame   0x0000000000000000       0x28 /usr/lib/gcc/arm-none-eabi/12.2.1/../../../arm-none-eabi/lib/thumb/v6-m/nofp/libg_nano.a(lib_a-exit.o)
 .ARM.attributes
                0x0000000000000000       0x2c /usr/lib/gcc/arm-none-eabi/12.2.1/../../../arm-none-eabi/lib/thumb/v6-m/nofp/libg_nano.a(lib_a-exit.o)
 .text          0x0000000000000000       0x28 /usr/lib/gcc/arm-none-eabi/12.2.1/../../../arm-none-eabi/lib/thumb/v6-m/nofp/libg_nano.a(lib_a-fini.o)
 .data          0x0000000000000000        0x0 /usr/lib/gcc/arm-none-eabi/12.2.1/../../../arm-none-eabi/lib/thumb/v6-m/nofp/libg_nano.a(lib_a-fini.o)
 .bss           0x0000000000000000        0x0 /usr/lib/gcc/arm-none-eabi/12.2.1/../../../arm-none-eabi/lib/thumb/v6-m/nofp/libg_nano.a(lib_a-fini.o)
 .debug_info    0x0000000000000000      0x102 /usr/lib/gcc/arm-none-eabi/12.2.1/../../../arm-none-eabi/lib/thumb/v6-m/nofp/libg_nano.a(lib_a-fini.o)
 .debug_abbrev  0x0000000000000000       0xcc /usr/lib/gcc/arm-none-eabi/12.2.1/../../../arm-none-eabi/lib/thumb/v6-m/nofp/libg_nano.a(lib_a-fini.o)
 .debug_loc     0x0000000000000000       0x46 /usr/lib/gcc/arm-none-eabi/12.2.1/../../../arm-none-eabi/lib/thumb/v6-m/nofp/libg_nano.a(lib_a-fini.o)
 .debug_aranges
                0x0000000000000000       0x20 /usr/lib/gcc/arm-none-eabi/12.2.1/../../../arm-none-eabi/lib/thumb/v6-m/nofp/libg_nano.a(lib_a-fini.o)
 .debug_line    0x0000000000000000       0xef /usr/lib/gcc/arm-none-eabi/12.2.1/../../../arm-none-eabi/lib/thumb/v6-m/nofp/libg_nano.a(lib_a-fini.o)
 .debug_str     0x0000000000000000      0x1da /usr/lib/gcc/arm-none-eabi/12.2.1/../../../arm-none-eabi/lib/thumb/v6-m/nofp/libg_nano.a(lib_a-fini.o)
 .comment       0x0000000000000000       0x34 /usr/lib/gcc/arm-none-eabi/12.2.1/../../../arm-none-eabi/lib/thumb/v6-m/nofp/libg_nano.a(lib_a-fini.o)
 .debug_frame   0x0000000000000000       0x2c /usr/lib/gcc/arm-none-eabi/12.2.1/../../../arm-none-eabi/lib/thumb/v6-m/nofp/libg_nano.a(lib_a-fini.o)
 .ARM.attributes
                0x0000000000000000       0x2c /usr/lib/gcc/arm-none-eabi/12.2.1/../../../arm-none-eabi/lib/thumb/v6-m/nofp/libg_nano.a(lib_a-fini.o)
 .text          0x0000000000000000        0x0 /usr/lib/gcc/arm-none-eabi/12.2.1/../../../arm-none-eabi/lib/thumb/v6-m/nofp/libg_nano.a(lib_a-impure.o)
 .data          0x0000000000000000       0x64 /usr/lib/gcc/arm-none-eabi/12.2.1/../../../arm-none-eabi/lib/thumb/v6-m/nofp/libg_nano.a(lib_a-impure.o)
 .bss           0x0000000000000000        0x0 /usr/lib/gcc/arm-none-eabi/12.2.1/../../../arm-none-eabi/lib/thumb/v6-m/nofp/libg_nano.a(lib_a-impure.o)
 .rodata        0x0000000000000000        0x4 /usr/lib/gcc/arm-none-eabi/12.2.1/../../../arm-none-eabi/lib/thumb/v6-m/nofp/libg_nano.a(lib_a-impure.o)
 .debug_info    0x0000000000000000      0x863 /usr/lib/gcc/arm-none-eabi/12.2.1/../../../arm-none-eabi/lib/thumb/v6-m/nofp/libg_nano.a(lib_a-impure.o)
 .debug_abbrev  0x0000000000000000      0x151 /usr/lib/gcc/arm-none-eabi/12.2.1/../../../arm-none-eabi/lib/thumb/v6-m/nofp/libg_nano.a(lib_a-impure.o)
 .debug_aranges
                0x0000000000000000       0x18 /usr/lib/gcc/arm-none-eabi/12.2.1/../../../arm-none-eabi/lib/thumb/v6-m/nofp/libg_nano.a(lib_a-impure.o)
 .debug_line    0x0000000000000000       0xe4 /usr/lib/gcc/arm-none-eabi/12.2.1/../../../arm-none-eabi/lib/thumb/v6-m/nofp/libg_nano.a(lib_a-impure.o)
 .debug_str     0x0000000000000000      0x557 /usr/lib/gcc/arm-none-eabi/12.2.1/../../../arm-none-eabi/lib/thumb/v6-m/nofp/libg_nano.a(lib_a-impure.o)
 .comment       0x0000000000000000       0x34 /usr/lib/gcc/arm-none-eabi/12.2.1/../../../arm-none-eabi/lib/thumb/v6-m/nofp/libg_nano.a(lib_a-impure.o)
 .ARM.attributes
                0x0000000000000000       0x2c /usr/lib/gcc/arm-none-eabi/12.2.1/../../../arm-none-eabi/lib/thumb/v6-m/nofp/libg_nano.a(lib_a-impure.o)
 .data          0x0000000000000000        0x0 /usr/lib/gcc/arm-none-eabi/12.2.1/../../../arm-none-eabi/lib/thumb/v6-m/nofp/libg_nano.a(lib_a-init.o)
 .bss           0x0000000000000000        0x0 /usr/lib/gcc/arm-none-eabi/12.2.1/../../../arm-none-eabi/lib/thumb/v6-m/nofp/libg_nano.a(lib_a-init.o)
 .data          0x0000000000000000        0x0 /usr/lib/gcc/arm-none-eabi/12.2.1/../../../arm-none-eabi/lib/thumb/v6-m/nofp/libg_nano.a(lib_a-memcpy-stub.o)
 .bss           0x0000000000000000        0x0 /usr/lib/gcc/arm-none-eabi/12.2.1/../../../arm-none-eabi/lib/thumb/v6-m/nofp/libg_nano.a(lib_a-memcpy-stub.o)
 .text          0x0000000000000000       0xa8 /usr/lib/gcc/arm-none-eabi/12.2.1/../../../arm-none-eabi/lib/thumb/v6-m/nofp/libg_nano.a(lib_a-memset.o)
 .data          0x0000000000000000        0x0 /usr/lib/gcc/arm-none-eabi/12.2.1/../../../arm-none-eabi/lib/thumb/v6-m/nofp/libg_nano.a(lib_a-memset.o)
 .bss           0x0000000000000000        0x0 /usr/lib/gcc/arm-none-eabi/12.2.1/../../../arm-none-eabi/lib/thumb/v6-m/nofp/libg_nano.a(lib_a-memset.o)
 .debug_info    0x0000000000000000      0x13d /usr/lib/gcc/arm-none-eabi/12.2.1/../../../arm-none-eabi/lib/thumb/v6-m/nofp/libg_nano.a(lib_a-memset.o)
 .debug_abbrev  0x0000000000000000       0xb4 /usr/lib/gcc/arm-none-eabi/12.2.1/../../../arm-none-eabi/lib/thumb/v6-m/nofp/libg_nano.a(lib_a-memset.o)
 .debug_loc     0x0000000000000000      0x2a3 /usr/lib/gcc/arm-none-eabi/12.2.1/../../../arm-none-eabi/lib/thumb/v6-m/nofp/libg_nano.a(lib_a-memset.o)
 .debug_aranges
                0x0000000000000000       0x20 /usr/lib/gcc/arm-none-eabi/12.2.1/../../../arm-none-eabi/lib/thumb/v6-m/nofp/libg_nano.a(lib_a-memset.o)
 .debug_line    0x0000000000000000      0x1ce /usr/lib/gcc/arm-none-eabi/12.2.1/../../../arm-none-eabi/lib/thumb/v6-m/nofp/libg_nano.a(lib_a-memset.o)
 .debug_str     0x0000000000000000      0x1b9 /usr/lib/gcc/arm-none-eabi/12.2.1/../../../arm-none-eabi/lib/thumb/v6-m/nofp/libg_nano.a(lib_a-memset.o)
 .comment       0x0000000000000000       0x34 /usr/lib/gcc/arm-none-eabi/12.2.1/../../../arm-none-eabi/lib/thumb/v6-m/nofp/libg_nano.a(lib_a-memset.o)
 .debug_frame   0x0000000000000000       0x30 /usr/lib/gcc/arm-none-eabi/12.2.1/../../../arm-none-eabi/lib/thumb/v6-m/nofp/libg_nano.a(lib_a-memset.o)
 .ARM.attributes
                0x0000000000000000       0x2c /usr/lib/gcc/arm-none-eabi/12.2.1/../../../arm-none-eabi/lib/thumb/v6-m/nofp/libg_nano.a(lib_a-memset.o)
 .text          0x0000000000000000       0xd0 /usr/lib/gcc/arm-none-eabi/12.2.1/../../../arm-none-eabi/lib/thumb/v6-m/nofp/libg_nano.a(lib_a-__atexit.o)
 .data          0x0000000000000000        0x4 /usr/lib/gcc/arm-none-eabi/12.2.1/../../../arm-none-eabi/lib/thumb/v6-m/nofp/libg_nano.a(lib_a-__atexit.o)
 .bss           0x0000000000000000       0x8c /usr/lib/gcc/arm-none-eabi/12.2.1/../../../arm-none-eabi/lib/thumb/v6-m/nofp/libg_nano.a(lib_a-__atexit.o)
 .debug_info    0x0000000000000000      0x269 /usr/lib/gcc/arm-none-eabi/12.2.1/../../../arm-none-eabi/lib/thumb/v6-m/nofp/libg_nano.a(lib_a-__atexit.o)
 .debug_abbrev  0x0000000000000000      0x1bd /usr/lib/gcc/arm-none-eabi/12.2.1/../../../arm-none-eabi/lib/thumb/v6-m/nofp/libg_nano.a(lib_a-__atexit.o)
 .debug_loc     0x0000000000000000      0x203 /usr/lib/gcc/arm-none-eabi/12.2.1/../../../arm-none-eabi/lib/thumb/v6-m/nofp/libg_nano.a(lib_a-__atexit.o)
 .debug_aranges
                0x0000000000000000       0x20 /usr/lib/gcc/arm-none-eabi/12.2.1/../../../arm-none-eabi/lib/thumb/v6-m/nofp/libg_nano.a(lib_a-__atexit.o)
 .debug_line    0x0000000000000000      0x201 /usr/lib/gcc/arm-none-eabi/12.2.1/../../../arm-none-eabi/lib/thumb/v6-m/nofp/libg_nano.a(lib_a-__atexit.o)
 .debug_str     0x0000000000000000      0x290 /usr/lib/gcc/arm-none-eabi/12.2.1/../../../arm-none-eabi/lib/thumb/v6-m/nofp/libg_nano.a(lib_a-__atexit.o)
 .comment       0x0000000000000000       0x34 /usr/lib/gcc/arm-none-eabi/12.2.1/../../../arm-none-eabi/lib/thumb/v6-m/nofp/libg_nano.a(lib_a-__atexit.o)
 .debug_frame   0x0000000000000000       0x3c /usr/lib/gcc/arm-none-eabi/12.2.1/../../../arm-none-eabi/lib/thumb/v6-m/nofp/libg_nano.a(lib_a-__atexit.o)
 .ARM.attributes
                0x0000000000000000       0x2c /usr/lib/gcc/arm-none-eabi/12.2.1/../../../arm-none-eabi/lib/thumb/v6-m/nofp/libg_nano.a(lib_a-__atexit.o)
 .text          0x0000000000000000       0xfc /usr/lib/gcc/arm-none-eabi/12.2.1/../../../arm-none-eabi/lib/thumb/v6-m/nofp/libg_nano.a(lib_a-__call_atexit.o)
 .data          0x0000000000000000        0x0 /usr/lib/gcc/arm-none-eabi/12.2.1/../../../arm-none-eabi/lib/thumb/v6-m/nofp/libg_nano.a(lib_a-__call_atexit.o)
 .bss           0x0000000000000000        0x4 /usr/lib/gcc/arm-none-eabi/12.2.1/../../../arm-none-eabi/lib/thumb/v6-m/nofp/libg_nano.a(lib_a-__call_atexit.o)
 .debug_info    0x0000000000000000      0x249 /usr/lib/gcc/arm-none-eabi/12.2.1/../../../arm-none-eabi/lib/thumb/v6-m/nofp/libg_nano.a(lib_a-__call_atexit.o)
 .debug_abbrev  0x0000000000000000      0x179 /usr/lib/gcc/arm-none-eabi/12.2.1/../../../arm-none-eabi/lib/thumb/v6-m/nofp/libg_nano.a(lib_a-__call_atexit.o)
 .debug_loc     0x0000000000000000      0x273 /usr/lib/gcc/arm-none-eabi/12.2.1/../../../arm-none-eabi/lib/thumb/v6-m/nofp/libg_nano.a(lib_a-__call_atexit.o)
 .debug_aranges
                0x0000000000000000       0x20 /usr/lib/gcc/arm-none-eabi/12.2.1/../../../arm-none-eabi/lib/thumb/v6-m/nofp/libg_nano.a(lib_a-__call_atexit.o)
 .debug_ranges  0x0000000000000000       0x28 /usr/lib/gcc/arm-none-eabi/12.2.1/../../../arm-none-eabi/lib/thumb/v6-m/nofp/libg_nano.a(lib_a-__call_atexit.o)
 .debug_line    0x0000000000000000      0x219 /usr/lib/gcc/arm-none-eabi/12.2.1/../../../arm-none-eabi/lib/thumb/v6-m/nofp/libg_nano.a(lib_a-__call_atexit.o)
 .debug_str     0x0000000000000000      0x254 /usr/lib/gcc/arm-none-eabi/12.2.1/../../../arm-none-eabi/lib/thumb/v6-m/nofp/libg_nano.a(lib_a-__call_atexit.o)
 .comment       0x0000000000000000       0x34 /usr/lib/gcc/arm-none-eabi/12.2.1/../../../arm-none-eabi/lib/thumb/v6-m/nofp/libg_nano.a(lib_a-__call_atexit.o)
 .debug_frame   0x0000000000000000       0x3c /usr/lib/gcc/arm-none-eabi/12.2.1/../../../arm-none-eabi/lib/thumb/v6-m/nofp/libg_nano.a(lib_a-__call_atexit.o)
 .ARM.attributes
                0x0000000000000000       0x2c /usr/lib/gcc/arm-none-eabi/12.2.1/../../../arm-none-eabi/lib/thumb/v6-m/nofp/libg_nano.a(lib_a-__call_atexit.o)
 .text          0x0000000000000000        0x4 /usr/lib/gcc/arm-none-eabi/12.2.1/../../../arm-none-eabi/lib/thumb/v6-m/nofp/libnosys.a(_exit.o)
 .data          0x0000000000000000        0x0 /usr/lib/gcc/arm-none-eabi/12.2.1/../../../arm-none-eabi/lib/thumb/v6-m/nofp/libnosys.a(_exit.o)
 .bss           0x0000000000000000        0x0 /usr/lib/gcc/arm-none-eabi/12.2.1/../../../arm-none-eabi/lib/thumb/v6-m/nofp/libnosys.a(_exit.o)
 .debug_info    0x0000000000000000       0xa3 /usr/lib/gcc/arm-none-eabi/12.2.1/../../../arm-none-eabi/lib/thumb/v6-m/nofp/libnosys.a(_exit.o)
 .debug_abbrev  0x0000000000000000       0x6a /usr/lib/gcc/arm-none-eabi/12.2.1/../../../arm-none-eabi/lib/thumb/v6-m/nofp/libnosys.a(_exit.o)
 .debug_loc     0x0000000000000000       0x15 /usr/lib/gcc/arm-none-eabi/12.2.1/../../../arm-none-eabi/lib/thumb/v6-m/nofp/libnosys.a(_exit.o)
 .debug_aranges
                0x0000000000000000       0x20 /usr/lib/gcc/arm-none-eabi/12.2.1/../../../arm-none-eabi/lib/thumb/v6-m/nofp/libnosys.a(_exit.o)
 .debug_line    0x0000000000000000       0x75 /usr/lib/gcc/arm-none-eabi/12.2.1/../../../arm-none-eabi/lib/thumb/v6-m/nofp/libnosys.a(_exit.o)
 .debug_str     0x0000000000000000      0x17a /usr/lib/gcc/arm-none-eabi/12.2.1/../../../arm-none-eabi/lib/thumb/v6-m/nofp/libnosys.a(_exit.o)
 .comment       0x0000000000000000       0x34 /usr/lib/gcc/arm-none-eabi/12.2.1/../../../arm-none-eabi/lib/thumb/v6-m/nofp/libnosys.a(_exit.o)
 .debug_frame   0x0000000000000000       0x20 /usr/lib/gcc/arm-none-eabi/12.2.1/../../../arm-none-eabi/lib/thumb/v6-m/nofp/libnosys.a(_exit.o)
 .ARM.attributes
                0x0000000000000000       0x2c /usr/lib/gcc/arm-none-eabi/12.2.1/../../../arm-none-eabi/lib/thumb/v6-m/nofp/libnosys.a(_exit.o)
 .text          0x0000000000000000        0x0 /usr/lib/gcc/arm-none-eabi/12.2.1/thumb/v6-m/nofp/crtend.o
 .data          0x0000000000000000        0x0 /usr/lib/gcc/arm-none-eabi/12.2.1/thumb/v6-m/nofp/crtend.o
 .bss           0x0000000000000000        0x0 /usr/lib/gcc/arm-none-eabi/12.2.1/thumb/v6-m/nofp/crtend.o
 .rodata        0x0000000000000000       0x24 /usr/lib/gcc/arm-none-eabi/12.2.1/thumb/v6-m/nofp/crtend.o
 .eh_frame      0x0000000000000000        0x4 /usr/lib/gcc/arm-none-eabi/12.2.1/thumb/v6-m/nofp/crtend.o
 .text          0x0000000000000000        0x0 /usr/lib/gcc/arm-none-eabi/12.2.1/thumb/v6-m/nofp/crtn.o
 .data          0x0000000000000000        0x0 /usr/lib/gcc/arm-none-eabi/12.2.1/thumb/v6-m/nofp/crtn.o
 .bss           0x0000000000000000        0x0 /usr/lib/gcc/arm-none-eabi/12.2.1/thumb/v6-m/nofp/crtn.o

Memory Configuration

Name             Origin             Length             Attributes
RAM              0x0000000020000000 0x0000000000001000 xrw
ROM              0x0000000008000000 0x0000000000008000 xr
*default*        0x0000000000000000 0xffffffffffffffff

Linker script and memory map

LOAD /usr/lib/gcc/arm-none-eabi/12.2.1/thumb/v6-m/nofp/crti.o
LOAD /usr/lib/gcc/arm-none-eabi/12.2.1/thumb/v6-m/nofp/crtbegin.o
LOAD /usr/lib/gcc/arm-none-eabi/12.2.1/../../../arm-none-eabi/lib/thumb/v6-m/nofp/crt0.o
LOAD objdir-CWNANO/chacha20.o
LOAD objdir-CWNANO/shiffthq.o
LOAD objdir-CWNANO/simpleserial.o
LOAD objdir-CWNANO/stm32f0_hal_nano.o
LOAD objdir-CWNANO/stm32f0_hal_lowlevel.o
LOAD objdir-CWNANO/stm32f0_startup.o
LOAD /usr/lib/gcc/arm-none-eabi/12.2.1/../../../arm-none-eabi/lib/thumb/v6-m/nofp/libm.a
LOAD /usr/lib/gcc/arm-none-eabi/12.2.1/../../../arm-none-eabi/lib/thumb/v6-m/nofp/libm.a
START GROUP
LOAD /usr/lib/gcc/arm-none-eabi/12.2.1/thumb/v6-m/nofp/libgcc.a
LOAD /usr/lib/gcc/arm-none-eabi/12.2.1/../../../arm-none-eabi/lib/thumb/v6-m/nofp/libg_nano.a
LOAD /usr/lib/gcc/arm-none-eabi/12.2.1/../../../arm-none-eabi/lib/thumb/v6-m/nofp/libc_nano.a
END GROUP
START GROUP
LOAD /usr/lib/gcc/arm-none-eabi/12.2.1/thumb/v6-m/nofp/libgcc.a
LOAD /usr/lib/gcc/arm-none-eabi/12.2.1/../../../arm-none-eabi/lib/thumb/v6-m/nofp/libc_nano.a
LOAD /usr/lib/gcc/arm-none-eabi/12.2.1/../../../arm-none-eabi/lib/thumb/v6-m/nofp/libnosys.a
END GROUP
START GROUP
LOAD /usr/lib/gcc/arm-none-eabi/12.2.1/thumb/v6-m/nofp/libgcc.a
LOAD /usr/lib/gcc/arm-none-eabi/12.2.1/../../../arm-none-eabi/lib/thumb/v6-m/nofp/libc_nano.a
LOAD /usr/lib/gcc/arm-none-eabi/12.2.1/../../../arm-none-eabi/lib/thumb/v6-m/nofp/libnosys.a
END GROUP
LOAD /usr/lib/gcc/arm-none-eabi/12.2.1/thumb/v6-m/nofp/crtend.o
LOAD /usr/lib/gcc/arm-none-eabi/12.2.1/thumb/v6-m/nofp/crtn.o
                0x0000000020001000                _estack = 0x20001000
                0x0000000000000000                _Min_Heap_Size = 0x0
                0x0000000000000400                _Min_Stack_Size = 0x400

.isr_vector     0x0000000008000000      0x188
                0x0000000008000000                . = ALIGN (0x4)
 *(.isr_vector)
 .isr_vector    0x0000000008000000      0x188 objdir-CWNANO/stm32f0_startup.o
                0x0000000008000000                g_pfnVectors
                0x0000000008000188                . = ALIGN (0x4)

.text           0x0000000008000188     0x1340
                0x0000000008000188                . = ALIGN (0x4)
 *(.text)
 .text          0x0000000008000188       0x98 /usr/lib/gcc/arm-none-eabi/12.2.1/thumb/v6-m/nofp/crtbegin.o
 .text          0x0000000008000220       0x14 /usr/lib/gcc/arm-none-eabi/12.2.1/thumb/v6-m/nofp/libgcc.a(_thumb1_case_sqi.o)
                0x0000000008000220                __gnu_thumb1_case_sqi
 .text          0x0000000008000234       0x14 /usr/lib/gcc/arm-none-eabi/12.2.1/thumb/v6-m/nofp/libgcc.a(_thumb1_case_uqi.o)
                0x0000000008000234                __gnu_thumb1_case_uqi
 .text          0x0000000008000248      0x114 /usr/lib/gcc/arm-none-eabi/12.2.1/thumb/v6-m/nofp/libgcc.a(_udivsi3.o)
                0x0000000008000248                __udivsi3
                0x0000000008000248                __aeabi_uidiv
                0x0000000008000354                __aeabi_uidivmod
 .text          0x000000000800035c        0x4 /usr/lib/gcc/arm-none-eabi/12.2.1/thumb/v6-m/nofp/libgcc.a(_dvmd_tls.o)
                0x000000000800035c                __aeabi_ldiv0
                0x000000000800035c                __aeabi_idiv0
 .text          0x0000000008000360       0x44 /usr/lib/gcc/arm-none-eabi/12.2.1/../../../arm-none-eabi/lib/thumb/v6-m/nofp/libg_nano.a(lib_a-init.o)
                0x0000000008000360                __libc_init_array
 .text          0x00000000080003a4       0xa4 /usr/lib/gcc/arm-none-eabi/12.2.1/../../../arm-none-eabi/lib/thumb/v6-m/nofp/libg_nano.a(lib_a-memcpy-stub.o)
                0x00000000080003a4                memcpy
 *(.text*)
 .text.chacha20_quarterround
                0x0000000008000448       0x58 objdir-CWNANO/chacha20.o
 .text.ChaCha20XOR
                0x00000000080004a0      0x138 objdir-CWNANO/chacha20.o
                0x00000000080004a0                ChaCha20XOR
 .text.set_nonce
                0x00000000080005d8       0x94 objdir-CWNANO/shiffthq.o
                0x00000000080005d8                set_nonce
 .text.startup.main
                0x000000000800066c       0x28 objdir-CWNANO/shiffthq.o
                0x000000000800066c                main
 .text.check_version
                0x0000000008000694        0x4 objdir-CWNANO/simpleserial.o
                0x0000000008000694                check_version
 .text.hex_decode
                0x0000000008000698       0x74 objdir-CWNANO/simpleserial.o
                0x0000000008000698                hex_decode
 .text.simpleserial_addcmd_flags
                0x000000000800070c       0x30 objdir-CWNANO/simpleserial.o
                0x000000000800070c                simpleserial_addcmd_flags
 .text.simpleserial_addcmd
                0x000000000800073c        0xa objdir-CWNANO/simpleserial.o
                0x000000000800073c                simpleserial_addcmd
 *fill*         0x0000000008000746        0x2 
 .text.simpleserial_init
                0x0000000008000748       0x30 objdir-CWNANO/simpleserial.o
                0x0000000008000748                simpleserial_init
 .text.simpleserial_put
                0x0000000008000778       0x38 objdir-CWNANO/simpleserial.o
                0x0000000008000778                simpleserial_put
 .text.ss_num_commands
                0x00000000080007b0       0x1c objdir-CWNANO/simpleserial.o
                0x00000000080007b0                ss_num_commands
 .text.ss_get_commands
                0x00000000080007cc       0x50 objdir-CWNANO/simpleserial.o
                0x00000000080007cc                ss_get_commands
 .text.simpleserial_get
                0x000000000800081c       0xd0 objdir-CWNANO/simpleserial.o
                0x000000000800081c                simpleserial_get
 .text.platform_init
                0x00000000080008ec       0x58 objdir-CWNANO/stm32f0_hal_nano.o
                0x00000000080008ec                platform_init
 .text.init_uart
                0x0000000008000944       0x80 objdir-CWNANO/stm32f0_hal_nano.o
                0x0000000008000944                init_uart
 .text.trigger_setup
                0x00000000080009c4       0x80 objdir-CWNANO/stm32f0_hal_nano.o
                0x00000000080009c4                trigger_setup
 .text.getch    0x0000000008000a44       0x30 objdir-CWNANO/stm32f0_hal_nano.o
                0x0000000008000a44                getch
 .text.putch    0x0000000008000a74       0x1c objdir-CWNANO/stm32f0_hal_nano.o
                0x0000000008000a74                putch
 .text.HAL_GetTick
                0x0000000008000a90       0x10 objdir-CWNANO/stm32f0_hal_lowlevel.o
                0x0000000008000a90                HAL_GetTick
 .text.HAL_RCC_OscConfig
                0x0000000008000aa0      0x3bc objdir-CWNANO/stm32f0_hal_lowlevel.o
                0x0000000008000aa0                HAL_RCC_OscConfig
 .text.HAL_RCC_ClockConfig
                0x0000000008000e5c      0x114 objdir-CWNANO/stm32f0_hal_lowlevel.o
                0x0000000008000e5c                HAL_RCC_ClockConfig
 .text.HAL_GPIO_Init
                0x0000000008000f70      0x168 objdir-CWNANO/stm32f0_hal_lowlevel.o
                0x0000000008000f70                HAL_GPIO_Init
 .text.HAL_GPIO_WritePin
                0x00000000080010d8        0xc objdir-CWNANO/stm32f0_hal_lowlevel.o
                0x00000000080010d8                HAL_GPIO_WritePin
 .text.UART_WaitOnFlagUntilTimeout
                0x00000000080010e4       0x64 objdir-CWNANO/stm32f0_hal_lowlevel.o
                0x00000000080010e4                UART_WaitOnFlagUntilTimeout
 .text.UART_SetConfig
                0x0000000008001148      0x100 objdir-CWNANO/stm32f0_hal_lowlevel.o
                0x0000000008001148                UART_SetConfig
 .text.HAL_UART_Init
                0x0000000008001248       0x64 objdir-CWNANO/stm32f0_hal_lowlevel.o
                0x0000000008001248                HAL_UART_Init
 .text.HAL_UART_Receive
                0x00000000080012ac       0xec objdir-CWNANO/stm32f0_hal_lowlevel.o
                0x00000000080012ac                HAL_UART_Receive
 .text.HAL_UART_Transmit
                0x0000000008001398       0xcc objdir-CWNANO/stm32f0_hal_lowlevel.o
                0x0000000008001398                HAL_UART_Transmit
 .text.Reset_Handler
                0x0000000008001464       0x48 objdir-CWNANO/stm32f0_startup.o
                0x0000000008001464                Reset_Handler
 .text.Default_Handler
                0x00000000080014ac        0x2 objdir-CWNANO/stm32f0_startup.o
                0x00000000080014ac                DebugMon_Handler
                0x00000000080014ac                HardFault_Handler
                0x00000000080014ac                SysTick_Handler
                0x00000000080014ac                PendSV_Handler
                0x00000000080014ac                NMI_Handler
                0x00000000080014ac                UsageFault_Handler
                0x00000000080014ac                Default_Handler
                0x00000000080014ac                MemManage_Handler
                0x00000000080014ac                SVC_Handler
                0x00000000080014ac                BusFault_Handler
 *(.glue_7)
 .glue_7        0x00000000080014ae        0x0 linker stubs
 *(.glue_7t)
 .glue_7t       0x00000000080014ae        0x0 linker stubs
 *(.eh_frame)
 *fill*         0x00000000080014ae        0x2 
 .eh_frame      0x00000000080014b0        0x0 /usr/lib/gcc/arm-none-eabi/12.2.1/thumb/v6-m/nofp/crtbegin.o
 *(.init)
 .init          0x00000000080014b0        0x4 /usr/lib/gcc/arm-none-eabi/12.2.1/thumb/v6-m/nofp/crti.o
                0x00000000080014b0                _init
 .init          0x00000000080014b4        0x8 /usr/lib/gcc/arm-none-eabi/12.2.1/thumb/v6-m/nofp/crtn.o
 *(.fini)
 .fini          0x00000000080014bc        0x4 /usr/lib/gcc/arm-none-eabi/12.2.1/thumb/v6-m/nofp/crti.o
                0x00000000080014bc                _fini
 .fini          0x00000000080014c0        0x8 /usr/lib/gcc/arm-none-eabi/12.2.1/thumb/v6-m/nofp/crtn.o
                0x00000000080014c8                . = ALIGN (0x4)
                0x00000000080014c8                _etext = .

.vfp11_veneer   0x00000000080014c8        0x0
 .vfp11_veneer  0x00000000080014c8        0x0 linker stubs

.v4_bx          0x00000000080014c8        0x0
 .v4_bx         0x00000000080014c8        0x0 linker stubs

.iplt           0x00000000080014c8        0x0
 .iplt          0x00000000080014c8        0x0 /usr/lib/gcc/arm-none-eabi/12.2.1/thumb/v6-m/nofp/crtbegin.o

.rodata         0x00000000080014c8       0x74
                0x00000000080014c8                . = ALIGN (0x4)
 *(.rodata)
 .rodata        0x00000000080014c8       0x20 objdir-CWNANO/shiffthq.o
 .rodata        0x00000000080014e8       0x10 objdir-CWNANO/simpleserial.o
 .rodata        0x00000000080014f8        0x3 objdir-CWNANO/stm32f0_hal_lowlevel.o
 *(.rodata*)
 .rodata.str1.1
                0x00000000080014fb       0x41 objdir-CWNANO/shiffthq.o
                0x000000000800153c                . = ALIGN (0x4)

.rel.dyn        0x000000000800153c        0x0
 .rel.iplt      0x000000000800153c        0x0 /usr/lib/gcc/arm-none-eabi/12.2.1/thumb/v6-m/nofp/crtbegin.o

.ARM.extab      0x000000000800153c        0x0
                0x000000000800153c                . = ALIGN (0x4)
 *(.ARM.extab* .gnu.linkonce.armextab.*)
                0x000000000800153c                . = ALIGN (0x4)

.ARM            0x000000000800153c        0x0
                0x000000000800153c                . = ALIGN (0x4)
                0x000000000800153c                __exidx_start = .
 *(.ARM.exidx*)
                0x000000000800153c                __exidx_end = .
                0x000000000800153c                . = ALIGN (0x4)

.preinit_array  0x000000000800153c        0x0
                0x000000000800153c                . = ALIGN (0x4)
                0x000000000800153c                PROVIDE (__preinit_array_start = .)
 *(.preinit_array*)
                0x000000000800153c                PROVIDE (__preinit_array_end = .)
                0x000000000800153c                . = ALIGN (0x4)

.init_array     0x000000000800153c        0x4
                0x000000000800153c                . = ALIGN (0x4)
                0x000000000800153c                PROVIDE (__init_array_start = .)
 *(SORT_BY_NAME(.init_array.*))
 *(.init_array*)
 .init_array    0x000000000800153c        0x4 /usr/lib/gcc/arm-none-eabi/12.2.1/thumb/v6-m/nofp/crtbegin.o
                0x0000000008001540                PROVIDE (__init_array_end = .)
                0x0000000008001540                . = ALIGN (0x4)

.fini_array     0x0000000008001540        0x4
                0x0000000008001540                . = ALIGN (0x4)
                0x0000000008001540                PROVIDE (__fini_array_start = .)
 *(SORT_BY_NAME(.fini_array.*))
 *(.fini_array*)
 .fini_array    0x0000000008001540        0x4 /usr/lib/gcc/arm-none-eabi/12.2.1/thumb/v6-m/nofp/crtbegin.o
                0x0000000008001544                PROVIDE (__fini_array_end = .)
                0x0000000008001544                . = ALIGN (0x4)
                0x0000000008001544                _sidata = LOADADDR (.data)

.data           0x0000000020000000        0x4 load address 0x0000000008001544
                0x0000000020000000                . = ALIGN (0x4)
                0x0000000020000000                _sdata = .
 *(.data)
 .data          0x0000000020000000        0x4 objdir-CWNANO/stm32f0_hal_lowlevel.o
                0x0000000020000000                SystemCoreClock
 *(.data*)
                0x0000000020000004                . = ALIGN (0x4)
                0x0000000020000004                _edata = .

.tm_clone_table
                0x0000000020000004        0x0 load address 0x0000000008001548
 .tm_clone_table
                0x0000000020000004        0x0 /usr/lib/gcc/arm-none-eabi/12.2.1/thumb/v6-m/nofp/crtbegin.o
 .tm_clone_table
                0x0000000020000004        0x0 /usr/lib/gcc/arm-none-eabi/12.2.1/thumb/v6-m/nofp/crtend.o

.igot.plt       0x0000000020000004        0x0 load address 0x0000000008001548
 .igot.plt      0x0000000020000004        0x0 /usr/lib/gcc/arm-none-eabi/12.2.1/thumb/v6-m/nofp/crtbegin.o
                0x0000000020000004                . = ALIGN (0x4)

.bss            0x0000000020000004      0x194 load address 0x0000000008001548
                0x0000000020000004                _sbss = .
                0x0000000020000004                __bss_start__ = _sbss
 *(.bss)
 .bss           0x0000000020000004       0x1c /usr/lib/gcc/arm-none-eabi/12.2.1/thumb/v6-m/nofp/crtbegin.o
 .bss           0x0000000020000020      0x104 objdir-CWNANO/simpleserial.o
 .bss           0x0000000020000124       0x70 objdir-CWNANO/stm32f0_hal_nano.o
                0x0000000020000124                UartHandle
 .bss           0x0000000020000194        0x4 objdir-CWNANO/stm32f0_hal_lowlevel.o
 *(.bss*)
 *(COMMON)
                0x0000000020000198                . = ALIGN (0x4)
                0x0000000020000198                _ebss = .
                0x0000000020000198                __bss_end__ = _ebss

._user_heap_stack
                0x0000000020000198      0x400 load address 0x0000000008001548
                0x0000000020000198                . = ALIGN (0x8)
                [!provide]                        PROVIDE (end = .)
                [!provide]                        PROVIDE (_end = .)
                0x0000000020000198                . = (. + _Min_Heap_Size)
                0x0000000020000598                . = (. + _Min_Stack_Size)
 *fill*         0x0000000020000198      0x400 
                0x0000000020000598                . = ALIGN (0x8)

/DISCARD/
 libc.a(*)
 libm.a(*)
 libgcc.a(*)

.ARM.attributes
                0x0000000000000000       0x28
 *(.ARM.attributes)
 .ARM.attributes
                0x0000000000000000       0x1e /usr/lib/gcc/arm-none-eabi/12.2.1/thumb/v6-m/nofp/crti.o
 .ARM.attributes
                0x000000000000001e       0x2c /usr/lib/gcc/arm-none-eabi/12.2.1/thumb/v6-m/nofp/crtbegin.o
 .ARM.attributes
                0x000000000000004a       0x2c objdir-CWNANO/chacha20.o
 .ARM.attributes
                0x0000000000000076       0x2c objdir-CWNANO/shiffthq.o
 .ARM.attributes
                0x00000000000000a2       0x2c objdir-CWNANO/simpleserial.o
 .ARM.attributes
                0x00000000000000ce       0x2c objdir-CWNANO/stm32f0_hal_nano.o
 .ARM.attributes
                0x00000000000000fa       0x2c objdir-CWNANO/stm32f0_hal_lowlevel.o
 .ARM.attributes
                0x0000000000000126       0x21 objdir-CWNANO/stm32f0_startup.o
 .ARM.attributes
                0x0000000000000147       0x1e /usr/lib/gcc/arm-none-eabi/12.2.1/thumb/v6-m/nofp/libgcc.a(_thumb1_case_sqi.o)
 .ARM.attributes
                0x0000000000000165       0x1e /usr/lib/gcc/arm-none-eabi/12.2.1/thumb/v6-m/nofp/libgcc.a(_thumb1_case_uqi.o)
 .ARM.attributes
                0x0000000000000183       0x1e /usr/lib/gcc/arm-none-eabi/12.2.1/thumb/v6-m/nofp/libgcc.a(_udivsi3.o)
 .ARM.attributes
                0x00000000000001a1       0x1e /usr/lib/gcc/arm-none-eabi/12.2.1/thumb/v6-m/nofp/libgcc.a(_dvmd_tls.o)
 .ARM.attributes
                0x00000000000001bf       0x2c /usr/lib/gcc/arm-none-eabi/12.2.1/../../../arm-none-eabi/lib/thumb/v6-m/nofp/libg_nano.a(lib_a-init.o)
 .ARM.attributes
                0x00000000000001eb       0x2c /usr/lib/gcc/arm-none-eabi/12.2.1/../../../arm-none-eabi/lib/thumb/v6-m/nofp/libg_nano.a(lib_a-memcpy-stub.o)
 .ARM.attributes
                0x0000000000000217       0x2c /usr/lib/gcc/arm-none-eabi/12.2.1/thumb/v6-m/nofp/crtend.o
 .ARM.attributes
                0x0000000000000243       0x1e /usr/lib/gcc/arm-none-eabi/12.2.1/thumb/v6-m/nofp/crtn.o
OUTPUT(ss-chacha20-shiffthq-CWNANO.elf elf32-littlearm)
LOAD linker stubs
LOAD /usr/lib/gcc/arm-none-eabi/12.2.1/../../../arm-none-eabi/lib/thumb/v6-m/nofp/libc.a
LOAD /usr/lib/gcc/arm-none-eabi/12.2.1/../../../arm-none-eabi/lib/thumb/v6-m/nofp/libm.a
LOAD /usr/lib/gcc/arm-none-eabi/12.2.1/thumb/v6-m/nofp/libgcc.a

.comment        0x0000000000000000       0x59
 .comment       0x0000000000000000       0x26 /usr/lib/gcc/arm-none-eabi/12.2.1/thumb/v6-m/nofp/crtbegin.o
                                         0x27 (size before relaxing)
 .comment       0x0000000000000026       0x27 objdir-CWNANO/chacha20.o
 .comment       0x0000000000000026       0x27 objdir-CWNANO/shiffthq.o
 .comment       0x0000000000000026       0x27 objdir-CWNANO/simpleserial.o
 .comment       0x0000000000000026       0x27 objdir-CWNANO/stm32f0_hal_nano.o
 .comment       0x0000000000000026       0x27 objdir-CWNANO/stm32f0_hal_lowlevel.o
 .comment       0x0000000000000026       0x33 /usr/lib/gcc/arm-none-eabi/12.2.1/../../../arm-none-eabi/lib/thumb/v6-m/nofp/libg_nano.a(lib_a-init.o)
                                         0x34 (size before relaxing)
 .comment       0x0000000000000059       0x34 /usr/lib/gcc/arm-none-eabi/12.2.1/../../../arm-none-eabi/lib/thumb/v6-m/nofp/libg_nano.a(lib_a-memcpy-stub.o)
 .comment       0x0000000000000059       0x27 /usr/lib/gcc/arm-none-eabi/12.2.1/thumb/v6-m/nofp/crtend.o

.debug_info     0x0000000000000000     0x3a5a
 .debug_info    0x0000000000000000      0x6cd objdir-CWNANO/chacha20.o
 .debug_info    0x00000000000006cd      0x406 objdir-CWNANO/shiffthq.o
 .debug_info    0x0000000000000ad3      0x807 objdir-CWNANO/simpleserial.o
 .debug_info    0x00000000000012da      0xf51 objdir-CWNANO/stm32f0_hal_nano.o
 .debug_info    0x000000000000222b     0x14dd objdir-CWNANO/stm32f0_hal_lowlevel.o
 .debug_info    0x0000000000003708       0x2f /usr/lib/gcc/arm-none-eabi/12.2.1/thumb/v6-m/nofp/libgcc.a(_thumb1_case_sqi.o)
 .debug_info    0x0000000000003737       0x2f /usr/lib/gcc/arm-none-eabi/12.2.1/thumb/v6-m/nofp/libgcc.a(_thumb1_case_uqi.o)
 .debug_info    0x0000000000003766       0x45 /usr/lib/gcc/arm-none-eabi/12.2.1/thumb/v6-m/nofp/libgcc.a(_udivsi3.o)
 .debug_info    0x00000000000037ab       0x39 /usr/lib/gcc/arm-none-eabi/12.2.1/thumb/v6-m/nofp/libgcc.a(_dvmd_tls.o)
 .debug_info    0x00000000000037e4      0x11a /usr/lib/gcc/arm-none-eabi/12.2.1/../../../arm-none-eabi/lib/thumb/v6-m/nofp/libg_nano.a(lib_a-init.o)
 .debug_info    0x00000000000038fe      0x15c /usr/lib/gcc/arm-none-eabi/12.2.1/../../../arm-none-eabi/lib/thumb/v6-m/nofp/libg_nano.a(lib_a-memcpy-stub.o)

.debug_abbrev   0x0000000000000000      0xe72
 .debug_abbrev  0x0000000000000000      0x259 objdir-CWNANO/chacha20.o
 .debug_abbrev  0x0000000000000259      0x1b4 objdir-CWNANO/shiffthq.o
 .debug_abbrev  0x000000000000040d      0x2e4 objdir-CWNANO/simpleserial.o
 .debug_abbrev  0x00000000000006f1      0x225 objdir-CWNANO/stm32f0_hal_nano.o
 .debug_abbrev  0x0000000000000916      0x347 objdir-CWNANO/stm32f0_hal_lowlevel.o
 .debug_abbrev  0x0000000000000c5d       0x21 /usr/lib/gcc/arm-none-eabi/12.2.1/thumb/v6-m/nofp/libgcc.a(_thumb1_case_sqi.o)
 .debug_abbrev  0x0000000000000c7e       0x21 /usr/lib/gcc/arm-none-eabi/12.2.1/thumb/v6-m/nofp/libgcc.a(_thumb1_case_uqi.o)
 .debug_abbrev  0x0000000000000c9f       0x21 /usr/lib/gcc/arm-none-eabi/12.2.1/thumb/v6-m/nofp/libgcc.a(_udivsi3.o)
 .debug_abbrev  0x0000000000000cc0       0x1f /usr/lib/gcc/arm-none-eabi/12.2.1/thumb/v6-m/nofp/libgcc.a(_dvmd_tls.o)
 .debug_abbrev  0x0000000000000cdf       0xcc /usr/lib/gcc/arm-none-eabi/12.2.1/../../../arm-none-eabi/lib/thumb/v6-m/nofp/libg_nano.a(lib_a-init.o)
 .debug_abbrev  0x0000000000000dab       0xc7 /usr/lib/gcc/arm-none-eabi/12.2.1/../../../arm-none-eabi/lib/thumb/v6-m/nofp/libg_nano.a(lib_a-memcpy-stub.o)

.debug_loc      0x0000000000000000     0x2450
 .debug_loc     0x0000000000000000      0x49b objdir-CWNANO/chacha20.o
 .debug_loc     0x000000000000049b       0xf4 objdir-CWNANO/shiffthq.o
 .debug_loc     0x000000000000058f      0x69e objdir-CWNANO/simpleserial.o
 .debug_loc     0x0000000000000c2d      0x1c2 objdir-CWNANO/stm32f0_hal_nano.o
 .debug_loc     0x0000000000000def     0x1172 objdir-CWNANO/stm32f0_hal_lowlevel.o
 .debug_loc     0x0000000000001f61       0x98 /usr/lib/gcc/arm-none-eabi/12.2.1/../../../arm-none-eabi/lib/thumb/v6-m/nofp/libg_nano.a(lib_a-init.o)
 .debug_loc     0x0000000000001ff9      0x457 /usr/lib/gcc/arm-none-eabi/12.2.1/../../../arm-none-eabi/lib/thumb/v6-m/nofp/libg_nano.a(lib_a-memcpy-stub.o)

.debug_aranges  0x0000000000000000      0x278
 .debug_aranges
                0x0000000000000000       0x28 objdir-CWNANO/chacha20.o
 .debug_aranges
                0x0000000000000028       0x28 objdir-CWNANO/shiffthq.o
 .debug_aranges
                0x0000000000000050       0x78 objdir-CWNANO/simpleserial.o
 .debug_aranges
                0x00000000000000c8       0x60 objdir-CWNANO/stm32f0_hal_nano.o
 .debug_aranges
                0x0000000000000128       0x90 objdir-CWNANO/stm32f0_hal_lowlevel.o
 .debug_aranges
                0x00000000000001b8       0x20 /usr/lib/gcc/arm-none-eabi/12.2.1/thumb/v6-m/nofp/libgcc.a(_thumb1_case_sqi.o)
 .debug_aranges
                0x00000000000001d8       0x20 /usr/lib/gcc/arm-none-eabi/12.2.1/thumb/v6-m/nofp/libgcc.a(_thumb1_case_uqi.o)
 .debug_aranges
                0x00000000000001f8       0x20 /usr/lib/gcc/arm-none-eabi/12.2.1/thumb/v6-m/nofp/libgcc.a(_udivsi3.o)
 .debug_aranges
                0x0000000000000218       0x20 /usr/lib/gcc/arm-none-eabi/12.2.1/thumb/v6-m/nofp/libgcc.a(_dvmd_tls.o)
 .debug_aranges
                0x0000000000000238       0x20 /usr/lib/gcc/arm-none-eabi/12.2.1/../../../arm-none-eabi/lib/thumb/v6-m/nofp/libg_nano.a(lib_a-init.o)
 .debug_aranges
                0x0000000000000258       0x20 /usr/lib/gcc/arm-none-eabi/12.2.1/../../../arm-none-eabi/lib/thumb/v6-m/nofp/libg_nano.a(lib_a-memcpy-stub.o)

.debug_ranges   0x0000000000000000      0x390
 .debug_ranges  0x0000000000000000       0xb8 objdir-CWNANO/chacha20.o
 .debug_ranges  0x00000000000000b8       0x18 objdir-CWNANO/shiffthq.o
 .debug_ranges  0x00000000000000d0      0x110 objdir-CWNANO/simpleserial.o
 .debug_ranges  0x00000000000001e0       0xc0 objdir-CWNANO/stm32f0_hal_nano.o
 .debug_ranges  0x00000000000002a0       0xf0 objdir-CWNANO/stm32f0_hal_lowlevel.o

.debug_line     0x0000000000000000     0x2408
 .debug_line    0x0000000000000000      0x2fd objdir-CWNANO/chacha20.o
 .debug_line    0x00000000000002fd      0x153 objdir-CWNANO/shiffthq.o
 .debug_line    0x0000000000000450      0x5a1 objdir-CWNANO/simpleserial.o
 .debug_line    0x00000000000009f1      0x468 objdir-CWNANO/stm32f0_hal_nano.o
 .debug_line    0x0000000000000e59     0x118f objdir-CWNANO/stm32f0_hal_lowlevel.o
 .debug_line    0x0000000000001fe8       0x52 /usr/lib/gcc/arm-none-eabi/12.2.1/thumb/v6-m/nofp/libgcc.a(_thumb1_case_sqi.o)
 .debug_line    0x000000000000203a       0x52 /usr/lib/gcc/arm-none-eabi/12.2.1/thumb/v6-m/nofp/libgcc.a(_thumb1_case_uqi.o)
 .debug_line    0x000000000000208c       0x56 /usr/lib/gcc/arm-none-eabi/12.2.1/thumb/v6-m/nofp/libgcc.a(_udivsi3.o)
 .debug_line    0x00000000000020e2       0x4a /usr/lib/gcc/arm-none-eabi/12.2.1/thumb/v6-m/nofp/libgcc.a(_dvmd_tls.o)
 .debug_line    0x000000000000212c      0x127 /usr/lib/gcc/arm-none-eabi/12.2.1/../../../arm-none-eabi/lib/thumb/v6-m/nofp/libg_nano.a(lib_a-init.o)
 .debug_line    0x0000000000002253      0x1b5 /usr/lib/gcc/arm-none-eabi/12.2.1/../../../arm-none-eabi/lib/thumb/v6-m/nofp/libg_nano.a(lib_a-memcpy-stub.o)

.debug_str      0x0000000000000000     0x1138
 .debug_str     0x0000000000000000      0x244 objdir-CWNANO/chacha20.o
                                        0x290 (size before relaxing)
 .debug_str     0x0000000000000244       0x96 objdir-CWNANO/shiffthq.o
                                        0x27a (size before relaxing)
 .debug_str     0x00000000000002da       0xf7 objdir-CWNANO/simpleserial.o
                                        0x30b (size before relaxing)
 .debug_str     0x00000000000003d1      0x735 objdir-CWNANO/stm32f0_hal_nano.o
                                        0x95e (size before relaxing)
 .debug_str     0x0000000000000b06      0x2f3 objdir-CWNANO/stm32f0_hal_lowlevel.o
                                        0xbe2 (size before relaxing)
 .debug_str     0x0000000000000df9       0xb9 /usr/lib/gcc/arm-none-eabi/12.2.1/thumb/v6-m/nofp/libgcc.a(_thumb1_case_sqi.o)
 .debug_str     0x0000000000000eb2       0x16 /usr/lib/gcc/arm-none-eabi/12.2.1/thumb/v6-m/nofp/libgcc.a(_thumb1_case_uqi.o)
                                         0xb9 (size before relaxing)
 .debug_str     0x0000000000000ec8       0x1b /usr/lib/gcc/arm-none-eabi/12.2.1/thumb/v6-m/nofp/libgcc.a(_udivsi3.o)
                                         0xcc (size before relaxing)
 .debug_str     0x0000000000000ee3       0x1c /usr/lib/gcc/arm-none-eabi/12.2.1/thumb/v6-m/nofp/libgcc.a(_dvmd_tls.o)
                                         0xbf (size before relaxing)
 .debug_str     0x0000000000000eff      0x16e /usr/lib/gcc/arm-none-eabi/12.2.1/../../../arm-none-eabi/lib/thumb/v6-m/nofp/libg_nano.a(lib_a-init.o)
                                        0x204 (size before relaxing)
 .debug_str     0x000000000000106d       0xcb /usr/lib/gcc/arm-none-eabi/12.2.1/../../../arm-none-eabi/lib/thumb/v6-m/nofp/libg_nano.a(lib_a-memcpy-stub.o)
                                        0x1de (size before relaxing)

.debug_frame    0x0000000000000000      0x504
 .debug_frame   0x0000000000000000       0x50 objdir-CWNANO/chacha20.o
 .debug_frame   0x0000000000000050       0x4c objdir-CWNANO/shiffthq.o
 .debug_frame   0x000000000000009c      0x148 objdir-CWNANO/simpleserial.o
 .debug_frame   0x00000000000001e4      0x10c objdir-CWNANO/stm32f0_hal_nano.o
 .debug_frame   0x00000000000002f0      0x194 objdir-CWNANO/stm32f0_hal_lowlevel.o
 .debug_frame   0x0000000000000484       0x20 /usr/lib/gcc/arm-none-eabi/12.2.1/thumb/v6-m/nofp/libgcc.a(_udivsi3.o)
 .debug_frame   0x00000000000004a4       0x2c /usr/lib/gcc/arm-none-eabi/12.2.1/../../../arm-none-eabi/lib/thumb/v6-m/nofp/libg_nano.a(lib_a-init.o)
 .debug_frame   0x00000000000004d0       0x34 /usr/lib/gcc/arm-none-eabi/12.2.1/../../../arm-none-eabi/lib/thumb/v6-m/nofp/libg_nano.a(lib_a-memcpy-stub.o)

.stab           0x0000000000000000      0x144
 .stab          0x0000000000000000      0x144 objdir-CWNANO/stm32f0_startup.o

.stabstr        0x0000000000000000       0x34
 .stabstr       0x0000000000000000       0x34 objdir-CWNANO/stm32f0_startup.o

.debug_line_str
                0x0000000000000000       0x97
 .debug_line_str
                0x0000000000000000       0x97 /usr/lib/gcc/arm-none-eabi/12.2.1/thumb/v6-m/nofp/libgcc.a(_thumb1_case_sqi.o)
 .debug_line_str
                0x0000000000000097       0x97 /usr/lib/gcc/arm-none-eabi/12.2.1/thumb/v6-m/nofp/libgcc.a(_thumb1_case_uqi.o)
 .debug_line_str
                0x0000000000000097       0x97 /usr/lib/gcc/arm-none-eabi/12.2.1/thumb/v6-m/nofp/libgcc.a(_udivsi3.o)
 .debug_line_str
                0x0000000000000097       0x97 /usr/lib/gcc/arm-none-eabi/12.2.1/thumb/v6-m/nofp/libgcc.a(_dvmd_tls.o)

Cross Reference Table

Symbol                                            File
BusFault_Handler                                  objdir-CWNANO/stm32f0_startup.o
ChaCha20XOR                                       objdir-CWNANO/chacha20.o
                                                  objdir-CWNANO/shiffthq.o
DebugMon_Handler                                  objdir-CWNANO/stm32f0_startup.o
Default_Handler                                   objdir-CWNANO/stm32f0_startup.o
HAL_GPIO_Init                                     objdir-CWNANO/stm32f0_hal_lowlevel.o
                                                  objdir-CWNANO/stm32f0_hal_nano.o
HAL_GPIO_WritePin                                 objdir-CWNANO/stm32f0_hal_lowlevel.o
                                                  objdir-CWNANO/stm32f0_hal_nano.o
HAL_GetTick                                       objdir-CWNANO/stm32f0_hal_lowlevel.o
HAL_RCCEx_PeriphCLKConfig                         objdir-CWNANO/stm32f0_hal_lowlevel.o
HAL_RCC_ClockConfig                               objdir-CWNANO/stm32f0_hal_lowlevel.o
                                                  objdir-CWNANO/stm32f0_hal_nano.o
HAL_RCC_GetPCLK1Freq                              objdir-CWNANO/stm32f0_hal_lowlevel.o
HAL_RCC_GetPCLK2Freq                              objdir-CWNANO/stm32f0_hal_lowlevel.o
HAL_RCC_GetSysClockFreq                           objdir-CWNANO/stm32f0_hal_lowlevel.o
HAL_RCC_OscConfig                                 objdir-CWNANO/stm32f0_hal_lowlevel.o
                                                  objdir-CWNANO/stm32f0_hal_nano.o
HAL_UART_Init                                     objdir-CWNANO/stm32f0_hal_lowlevel.o
                                                  objdir-CWNANO/stm32f0_hal_nano.o
HAL_UART_Receive                                  objdir-CWNANO/stm32f0_hal_lowlevel.o
                                                  objdir-CWNANO/stm32f0_hal_nano.o
HAL_UART_Transmit                                 objdir-CWNANO/stm32f0_hal_lowlevel.o
                                                  objdir-CWNANO/stm32f0_hal_nano.o
HardFault_Handler                                 objdir-CWNANO/stm32f0_startup.o
MemManage_Handler                                 objdir-CWNANO/stm32f0_startup.o
NMI_Handler                                       objdir-CWNANO/stm32f0_startup.o
PendSV_Handler                                    objdir-CWNANO/stm32f0_startup.o
Reset_Handler                                     objdir-CWNANO/stm32f0_startup.o
SVC_Handler                                       objdir-CWNANO/stm32f0_startup.o
SysTick_Handler                                   objdir-CWNANO/stm32f0_startup.o
SystemCoreClock                                   objdir-CWNANO/stm32f0_hal_lowlevel.o
SystemInit                                        objdir-CWNANO/stm32f0_startup.o
UART_CheckIdleState                               objdir-CWNANO/stm32f0_hal_lowlevel.o
UART_SetConfig                                    objdir-CWNANO/stm32f0_hal_lowlevel.o
UART_WaitOnFlagUntilTimeout                       objdir-CWNANO/stm32f0_hal_lowlevel.o
UartHandle                                        objdir-CWNANO/stm32f0_hal_nano.o
UsageFault_Handler                                objdir-CWNANO/stm32f0_startup.o
_ITM_deregisterTMCloneTable                       /usr/lib/gcc/arm-none-eabi/12.2.1/thumb/v6-m/nofp/crtbegin.o
_ITM_registerTMCloneTable                         /usr/lib/gcc/arm-none-eabi/12.2.1/thumb/v6-m/nofp/crtbegin.o
__TMC_END__                                       /usr/lib/gcc/arm-none-eabi/12.2.1/thumb/v6-m/nofp/crtend.o
                                                  /usr/lib/gcc/arm-none-eabi/12.2.1/thumb/v6-m/nofp/crtbegin.o
__aeabi_idiv0                                     /usr/lib/gcc/arm-none-eabi/12.2.1/thumb/v6-m/nofp/libgcc.a(_dvmd_tls.o)
                                                  /usr/lib/gcc/arm-none-eabi/12.2.1/thumb/v6-m/nofp/libgcc.a(_udivsi3.o)
__aeabi_ldiv0                                     /usr/lib/gcc/arm-none-eabi/12.2.1/thumb/v6-m/nofp/libgcc.a(_dvmd_tls.o)
__aeabi_uidiv                                     /usr/lib/gcc/arm-none-eabi/12.2.1/thumb/v6-m/nofp/libgcc.a(_udivsi3.o)
                                                  objdir-CWNANO/stm32f0_hal_lowlevel.o
__aeabi_uidivmod                                  /usr/lib/gcc/arm-none-eabi/12.2.1/thumb/v6-m/nofp/libgcc.a(_udivsi3.o)
__atexit_dummy                                    /usr/lib/gcc/arm-none-eabi/12.2.1/../../../arm-none-eabi/lib/thumb/v6-m/nofp/libg_nano.a(lib_a-__atexit.o)
__bss_end__                                       /usr/lib/gcc/arm-none-eabi/12.2.1/../../../arm-none-eabi/lib/thumb/v6-m/nofp/crt0.o
__bss_start__                                     /usr/lib/gcc/arm-none-eabi/12.2.1/../../../arm-none-eabi/lib/thumb/v6-m/nofp/crt0.o
__call_exitprocs                                  /usr/lib/gcc/arm-none-eabi/12.2.1/../../../arm-none-eabi/lib/thumb/v6-m/nofp/libg_nano.a(lib_a-__call_atexit.o)
                                                  /usr/lib/gcc/arm-none-eabi/12.2.1/../../../arm-none-eabi/lib/thumb/v6-m/nofp/libg_nano.a(lib_a-__atexit.o)
                                                  /usr/lib/gcc/arm-none-eabi/12.2.1/../../../arm-none-eabi/lib/thumb/v6-m/nofp/libg_nano.a(lib_a-exit.o)
__deregister_frame_info                           /usr/lib/gcc/arm-none-eabi/12.2.1/thumb/v6-m/nofp/crtbegin.o
__dso_handle                                      /usr/lib/gcc/arm-none-eabi/12.2.1/thumb/v6-m/nofp/crtbegin.o
__fini_array_end                                  /usr/lib/gcc/arm-none-eabi/12.2.1/../../../arm-none-eabi/lib/thumb/v6-m/nofp/libg_nano.a(lib_a-fini.o)
__fini_array_start                                /usr/lib/gcc/arm-none-eabi/12.2.1/../../../arm-none-eabi/lib/thumb/v6-m/nofp/libg_nano.a(lib_a-fini.o)
__gnu_thumb1_case_sqi                             /usr/lib/gcc/arm-none-eabi/12.2.1/thumb/v6-m/nofp/libgcc.a(_thumb1_case_sqi.o)
                                                  objdir-CWNANO/stm32f0_hal_lowlevel.o
__gnu_thumb1_case_uqi                             /usr/lib/gcc/arm-none-eabi/12.2.1/thumb/v6-m/nofp/libgcc.a(_thumb1_case_uqi.o)
                                                  objdir-CWNANO/stm32f0_hal_lowlevel.o
__init_array_end                                  /usr/lib/gcc/arm-none-eabi/12.2.1/../../../arm-none-eabi/lib/thumb/v6-m/nofp/libg_nano.a(lib_a-init.o)
__init_array_start                                /usr/lib/gcc/arm-none-eabi/12.2.1/../../../arm-none-eabi/lib/thumb/v6-m/nofp/libg_nano.a(lib_a-init.o)
__libc_fini_array                                 /usr/lib/gcc/arm-none-eabi/12.2.1/../../../arm-none-eabi/lib/thumb/v6-m/nofp/libg_nano.a(lib_a-fini.o)
                                                  /usr/lib/gcc/arm-none-eabi/12.2.1/../../../arm-none-eabi/lib/thumb/v6-m/nofp/crt0.o
__libc_init_array                                 /usr/lib/gcc/arm-none-eabi/12.2.1/../../../arm-none-eabi/lib/thumb/v6-m/nofp/libg_nano.a(lib_a-init.o)
                                                  objdir-CWNANO/stm32f0_startup.o
                                                  /usr/lib/gcc/arm-none-eabi/12.2.1/../../../arm-none-eabi/lib/thumb/v6-m/nofp/crt0.o
__on_exit_args                                    /usr/lib/gcc/arm-none-eabi/12.2.1/../../../arm-none-eabi/lib/thumb/v6-m/nofp/libg_nano.a(lib_a-__atexit.o)
__preinit_array_end                               /usr/lib/gcc/arm-none-eabi/12.2.1/../../../arm-none-eabi/lib/thumb/v6-m/nofp/libg_nano.a(lib_a-init.o)
__preinit_array_start                             /usr/lib/gcc/arm-none-eabi/12.2.1/../../../arm-none-eabi/lib/thumb/v6-m/nofp/libg_nano.a(lib_a-init.o)
__register_exitproc                               /usr/lib/gcc/arm-none-eabi/12.2.1/../../../arm-none-eabi/lib/thumb/v6-m/nofp/libg_nano.a(lib_a-__atexit.o)
                                                  /usr/lib/gcc/arm-none-eabi/12.2.1/../../../arm-none-eabi/lib/thumb/v6-m/nofp/libg_nano.a(lib_a-atexit.o)
__register_frame_info                             /usr/lib/gcc/arm-none-eabi/12.2.1/thumb/v6-m/nofp/crtbegin.o
__sf_fake_stderr                                  /usr/lib/gcc/arm-none-eabi/12.2.1/../../../arm-none-eabi/lib/thumb/v6-m/nofp/libg_nano.a(lib_a-impure.o)
__sf_fake_stdin                                   /usr/lib/gcc/arm-none-eabi/12.2.1/../../../arm-none-eabi/lib/thumb/v6-m/nofp/libg_nano.a(lib_a-impure.o)
__sf_fake_stdout                                  /usr/lib/gcc/arm-none-eabi/12.2.1/../../../arm-none-eabi/lib/thumb/v6-m/nofp/libg_nano.a(lib_a-impure.o)
__stack                                           /usr/lib/gcc/arm-none-eabi/12.2.1/../../../arm-none-eabi/lib/thumb/v6-m/nofp/crt0.o
__udivsi3                                         /usr/lib/gcc/arm-none-eabi/12.2.1/thumb/v6-m/nofp/libgcc.a(_udivsi3.o)
_ebss                                             objdir-CWNANO/stm32f0_startup.o
_edata                                            objdir-CWNANO/stm32f0_startup.o
_estack                                           objdir-CWNANO/stm32f0_startup.o
_exit                                             /usr/lib/gcc/arm-none-eabi/12.2.1/../../../arm-none-eabi/lib/thumb/v6-m/nofp/libnosys.a(_exit.o)
                                                  /usr/lib/gcc/arm-none-eabi/12.2.1/../../../arm-none-eabi/lib/thumb/v6-m/nofp/libg_nano.a(lib_a-exit.o)
_fini                                             /usr/lib/gcc/arm-none-eabi/12.2.1/thumb/v6-m/nofp/crti.o
                                                  /usr/lib/gcc/arm-none-eabi/12.2.1/../../../arm-none-eabi/lib/thumb/v6-m/nofp/libg_nano.a(lib_a-fini.o)
_global_atexit                                    /usr/lib/gcc/arm-none-eabi/12.2.1/../../../arm-none-eabi/lib/thumb/v6-m/nofp/libg_nano.a(lib_a-__call_atexit.o)
                                                  /usr/lib/gcc/arm-none-eabi/12.2.1/../../../arm-none-eabi/lib/thumb/v6-m/nofp/libg_nano.a(lib_a-__atexit.o)
_global_impure_ptr                                /usr/lib/gcc/arm-none-eabi/12.2.1/../../../arm-none-eabi/lib/thumb/v6-m/nofp/libg_nano.a(lib_a-impure.o)
                                                  /usr/lib/gcc/arm-none-eabi/12.2.1/../../../arm-none-eabi/lib/thumb/v6-m/nofp/libg_nano.a(lib_a-exit.o)
_impure_ptr                                       /usr/lib/gcc/arm-none-eabi/12.2.1/../../../arm-none-eabi/lib/thumb/v6-m/nofp/libg_nano.a(lib_a-impure.o)
_init                                             /usr/lib/gcc/arm-none-eabi/12.2.1/thumb/v6-m/nofp/crti.o
                                                  /usr/lib/gcc/arm-none-eabi/12.2.1/../../../arm-none-eabi/lib/thumb/v6-m/nofp/libg_nano.a(lib_a-init.o)
_mainCRTStartup                                   /usr/lib/gcc/arm-none-eabi/12.2.1/../../../arm-none-eabi/lib/thumb/v6-m/nofp/crt0.o
_sbss                                             objdir-CWNANO/stm32f0_startup.o
_sdata                                            objdir-CWNANO/stm32f0_startup.o
_sidata                                           objdir-CWNANO/stm32f0_startup.o
_stack_init                                       /usr/lib/gcc/arm-none-eabi/12.2.1/../../../arm-none-eabi/lib/thumb/v6-m/nofp/crt0.o
_start                                            /usr/lib/gcc/arm-none-eabi/12.2.1/../../../arm-none-eabi/lib/thumb/v6-m/nofp/crt0.o
atexit                                            /usr/lib/gcc/arm-none-eabi/12.2.1/../../../arm-none-eabi/lib/thumb/v6-m/nofp/libg_nano.a(lib_a-atexit.o)
                                                  /usr/lib/gcc/arm-none-eabi/12.2.1/../../../arm-none-eabi/lib/thumb/v6-m/nofp/crt0.o
check_version                                     objdir-CWNANO/simpleserial.o
exit                                              /usr/lib/gcc/arm-none-eabi/12.2.1/../../../arm-none-eabi/lib/thumb/v6-m/nofp/libg_nano.a(lib_a-exit.o)
                                                  /usr/lib/gcc/arm-none-eabi/12.2.1/../../../arm-none-eabi/lib/thumb/v6-m/nofp/crt0.o
g_pfnVectors                                      objdir-CWNANO/stm32f0_startup.o
getch                                             objdir-CWNANO/stm32f0_hal_nano.o
                                                  objdir-CWNANO/simpleserial.o
hardware_init_hook                                /usr/lib/gcc/arm-none-eabi/12.2.1/../../../arm-none-eabi/lib/thumb/v6-m/nofp/crt0.o
hex_decode                                        objdir-CWNANO/simpleserial.o
init_uart                                         objdir-CWNANO/stm32f0_hal_nano.o
                                                  objdir-CWNANO/shiffthq.o
led_error                                         objdir-CWNANO/stm32f0_hal_nano.o
                                                  objdir-CWNANO/simpleserial.o
led_ok                                            objdir-CWNANO/stm32f0_hal_nano.o
                                                  objdir-CWNANO/simpleserial.o
main                                              objdir-CWNANO/shiffthq.o
                                                  objdir-CWNANO/stm32f0_startup.o
                                                  /usr/lib/gcc/arm-none-eabi/12.2.1/../../../arm-none-eabi/lib/thumb/v6-m/nofp/crt0.o
malloc                                            /usr/lib/gcc/arm-none-eabi/12.2.1/../../../arm-none-eabi/lib/thumb/v6-m/nofp/libg_nano.a(lib_a-__atexit.o)
memcpy                                            /usr/lib/gcc/arm-none-eabi/12.2.1/../../../arm-none-eabi/lib/thumb/v6-m/nofp/libg_nano.a(lib_a-memcpy-stub.o)
                                                  objdir-CWNANO/shiffthq.o
                                                  objdir-CWNANO/chacha20.o
memset                                            /usr/lib/gcc/arm-none-eabi/12.2.1/../../../arm-none-eabi/lib/thumb/v6-m/nofp/libg_nano.a(lib_a-memset.o)
                                                  /usr/lib/gcc/arm-none-eabi/12.2.1/../../../arm-none-eabi/lib/thumb/v6-m/nofp/crt0.o
platform_init                                     objdir-CWNANO/stm32f0_hal_nano.o
                                                  objdir-CWNANO/shiffthq.o
putch                                             objdir-CWNANO/stm32f0_hal_nano.o
                                                  objdir-CWNANO/simpleserial.o
set_nonce                                         objdir-CWNANO/shiffthq.o
simpleserial_addcmd                               objdir-CWNANO/simpleserial.o
                                                  objdir-CWNANO/shiffthq.o
simpleserial_addcmd_flags                         objdir-CWNANO/simpleserial.o
simpleserial_get                                  objdir-CWNANO/simpleserial.o
                                                  objdir-CWNANO/shiffthq.o
simpleserial_init                                 objdir-CWNANO/simpleserial.o
                                                  objdir-CWNANO/shiffthq.o
simpleserial_put                                  objdir-CWNANO/simpleserial.o
                                                  objdir-CWNANO/shiffthq.o
software_init_hook                                /usr/lib/gcc/arm-none-eabi/12.2.1/../../../arm-none-eabi/lib/thumb/v6-m/nofp/crt0.o
ss_crc                                            objdir-CWNANO/simpleserial.o
ss_get_commands                                   objdir-CWNANO/simpleserial.o
ss_num_commands                                   objdir-CWNANO/simpleserial.o
trigger_high                                      objdir-CWNANO/stm32f0_hal_nano.o
trigger_low                                       objdir-CWNANO/stm32f0_hal_nano.o
trigger_setup                                     objdir-CWNANO/stm32f0_hal_nano.o
                                                  objdir-CWNANO/shiffthq.o
